Removed Pin From Net: NetName=GND Pin=C7-1
Removed Pin From Net: NetName=XTAL2 Pin=C7-2
Removed Pin From Net: NetName=GND Pin=C8-1
Removed Pin From Net: NetName=XTAL1 Pin=C8-2
Removed Pin From Net: NetName=XTAL1 Pin=Y1-2
Removed Member From Class: ClassName=Scheme Member=C12
Removed Member From Class: ClassName=Scheme Member=C13
Change Component Footprint: Designator=Y1 Old Footprint=WE-XTAL_CFPX-217 New Footprint=FP-CSTNE20M0VH3C000R0-MFG
Change Component Comment : Designator=Y1 Old Comment=830009678 New Comment=CSTNE20M0VH3C000R0
Change Component Designator: OldDesignator=C9 NewDesignator=C7
Change Component Designator: OldDesignator=C10 NewDesignator=C8
Change Component Designator: OldDesignator=C11 NewDesignator=C9
Change Component Designator: OldDesignator=C12 NewDesignator=C10
Change Component Designator: OldDesignator=C13 NewDesignator=C11
Change Component Designator: OldDesignator=VR1 NewDesignator=VR2
Change Component Designator: OldDesignator=VR2 NewDesignator=VR3
Change Component Designator: OldDesignator=VR3 NewDesignator=VR4
Change Managed Component Library Link : Designator=Y1 Old VaultGUID=B7D15EC3-160A-466F-A46C-7801FE6295A7 New VaultGUID=B7D15EC3-160A-466F-A46C-7801FE6295A7 Old ItemGUID=F68DCBE7-077E-43CF-9C6B-FF69CECD01A9 New ItemGUID=33C99B3D-4BD3-4D70-A93F-03D8052912B8 Old RevisionGUID=F7D1E667-6EF6-474B-9B51-B221EFAC8FDA New RevisionGUID=D0CC7297-50BD-4871-9576-9DAE7CB1665F
Change component parameters: Designator = "Y1" ("Y1"); Footprint = "WE-XTAL_CFPX-217"; UniqueID = "\ZYOGYPMY" ("\ZYOGYPMY")
Change component parameters (AddParameter): Name = "Capacitance"; Value = "15pF"; VariantName = "[No Variations]"
Change component parameters (AddParameter): Name = "Case/Package"; Value = "SMD/SMT"; VariantName = "[No Variations]"
Change component parameters (AddParameter): Name = "Frequency"; Value = "20MHz"; VariantName = "[No Variations]"
Change component parameters (AddParameter): Name = "Frequency Stability"; Value = "0.13%"; VariantName = "[No Variations]"
Change component parameters (AddParameter): Name = "Frequency Tolerance"; Value = "0.07%"; VariantName = "[No Variations]"
Change component parameters (AddParameter): Name = "Impedance"; Value = "40R"; VariantName = "[No Variations]"
Change component parameters (AddParameter): Name = "Max Operating Temperature"; Value = "125°C"; VariantName = "[No Variations]"
Change component parameters (AddParameter): Name = "Min Operating Temperature"; Value = "-40°C"; VariantName = "[No Variations]"
Change component parameters (AddParameter): Name = "Mount"; Value = "Surface Mount"; VariantName = "[No Variations]"
Change component parameters (AddParameter): Name = "Packaging"; Value = "Cut Tape"; VariantName = "[No Variations]"
Change component parameters (AddParameter): Name = "Resistor Type"; Value = "Ceramic"; VariantName = "[No Variations]"
Change component parameters (AddParameter): Name = "RoHS Compliant"; Value = "Yes"; VariantName = "[No Variations]"
Added Component: Designator=C6(CAPC1608X92X38ML15T08)
Add component (AddParameter): Name = "Manufacturer"; Value = "Vitramon"; VariantName = "[No Variations]"
Add component (AddParameter): Name = "Part Number"; Value = "VJ0603Y102KXXAC"; VariantName = "[No Variations]"
Add component: Footprint Not Found DIO10.46-5.3x2.8
Added Component: Designator=ICSP1(PBS3x2)
Add component (AddParameter): Name = "LatestRevisionDate"; Value = "17-Jul-2002"; VariantName = "[No Variations]"
Add component (AddParameter): Name = "LatestRevisionNote"; Value = "Re-released for DXP Platform."; VariantName = "[No Variations]"
Add component (AddParameter): Name = "Publisher"; Value = "Altium Limited"; VariantName = "[No Variations]"
Added Component: Designator=M1(placeholder)
Add component (AddParameter): Name = "BM"; Value = "0.1M"; VariantName = "[No Variations]"
Add component (AddParameter): Name = "JM"; Value = "250U"; VariantName = "[No Variations]"
Add component (AddParameter): Name = "KE"; Value = "0.05"; VariantName = "[No Variations]"
Add component (AddParameter): Name = "KT"; Value = "0.05"; VariantName = "[No Variations]"
Add component (AddParameter): Name = "LA"; Value = "1.5M"; VariantName = "[No Variations]"
Add component (AddParameter): Name = "RA"; Value = "0.5"; VariantName = "[No Variations]"
Add component (AddParameter): Name = "SimulationGenericComponent"; Value = "True"; VariantName = "[No Variations]"
Add component (AddParameter): Name = "TL"; Value = "0"; VariantName = "[No Variations]"
Added Component: Designator=VR1(placeholder)
Add component (AddParameter): Name = "closed"; Value = "0"; VariantName = "[No Variations]"
Add component (AddParameter): Name = "Rclosed"; Value = "1m"; VariantName = "[No Variations]"
Add component (AddParameter): Name = "Ropen"; Value = "1Meg"; VariantName = "[No Variations]"
Add component (AddParameter): Name = "SimulationGenericComponent"; Value = "True"; VariantName = "[No Variations]"
Added Pin To Net: NetName=BEMF Pin=C6-1
Added Pin To Net: NetName=+12V Pin=C6-2
Add Pin To Net: Unknown Pin: Pin D1-1
Add Pin To Net: Unknown Pin: Pin D1-2
Added Pin To Net: NetName=MISO Pin=ICSP1-1
Added Pin To Net: NetName=5V Pin=ICSP1-2
Added Pin To Net: NetName=SCK Pin=ICSP1-3
Added Pin To Net: NetName=MOSI Pin=ICSP1-4
Added Pin To Net: NetName=RESET Pin=ICSP1-5
Added Pin To Net: NetName=GND Pin=ICSP1-6
Added Pin To Net: NetName=+12V Pin=M1-1
Added Pin To Net: NetName=BEMF Pin=M1-2
Added Pin To Net: NetName=Vin Pin=VR1-1
Added Pin To Net: NetName=+12V Pin=VR1-2
Added Pin To Net: NetName=GND Pin=Y1-2
Added Pin To Net: NetName=XTAL1 Pin=Y1-3
Added Member To Class: ClassName=Scheme Member=Component C6 100nF
Add Class Member: Failed to add class member : Component D1 Diode 1N4006
Added Member To Class: ClassName=Scheme Member=Component ICSP1
Added Member To Class: ClassName=Scheme Member=Component M1 DC Motor
Added Member To Class: ClassName=Scheme Member=Component VR4 Speed
